bank_id         bank            deleted         parent_bank     shares          
2               A               0               root            1               

Users Under Bank A:

username           userid             default_bank       shares             job_usage          fairshare          max_running_jobs   queues             
user5011           5011               A                  1                  0.0                0.5                5                  expedite           
user5012           5012               A                  1                  0.0                0.5                5                  expedite,standby   
