bank_id         bank            deleted         parent_bank     shares          
5               D               0               root            1               

D
 E
 F
