bank_id         bank            deleted         parent_bank     shares          
4               C               1               root            50              
