bank_id | bank | active | parent_bank | shares | job_usage | priority | max_preempt_after
--------+------+--------+-------------+--------+-----------+----------+------------------
7       | F    | 1      | D           | 1      | 0.0       | 0.0      | None             

no users under F
