bank_id         bank            deleted         parent_bank     shares          
1               root            0                               1               

root
 A
  user5011
  user5012
 B
  user5013
 C
  user5014
 D
  E
  F
