[
  {
    "bank_id": 1,
    "bank": "root",
    "active": 1,
    "parent_bank": "",
    "shares": 1,
    "job_usage": 0.0,
    "priority": 0.0,
    "max_preempt_after": null
  }
]
